======================================================================
PURE POISSON COMPUTATION BENCHMARK
======================================================================
測試範圍：只有數值計算（不含 atom.charge 賦值和 setParticleParameters）
======================================================================
✓ Cython module available

======================================================================
SCALING TEST: Performance vs Electrode Size
======================================================================

--- Testing with 100 atoms per electrode ---


======================================================================
Benchmarking: Original (pure computation)
======================================================================
Warming up (100 iterations)... Done
Running benchmark (1000 iterations)... Done

Results:
  Mean:   120.32 ± 51.64 μs
  Median: 101.02 μs
  Min:    95.19 μs
  Max:    655.12 μs

======================================================================
Benchmarking: Optimized (pure computation)
======================================================================
Warming up (100 iterations)... Done
Running benchmark (1000 iterations)... Done

Results:
  Mean:   55.02 ± 57.83 μs
  Median: 43.03 μs
  Min:    39.12 μs
  Max:    1394.50 μs

======================================================================
Benchmarking: Cython (pure computation)
======================================================================
Warming up (100 iterations)... Done
Running benchmark (1000 iterations)... Done

Results:
  Mean:   35.35 ± 24.40 μs
  Median: 30.72 μs
  Min:    29.21 μs
  Max:    334.73 μs

--- Testing with 500 atoms per electrode ---


======================================================================
Benchmarking: Original (pure computation)
======================================================================
Warming up (100 iterations)... Done
Running benchmark (1000 iterations)... Done

Results:
  Mean:   614.90 ± 281.00 μs
  Median: 519.43 μs
  Min:    478.63 μs
  Max:    3545.34 μs

======================================================================
Benchmarking: Optimized (pure computation)
======================================================================
Warming up (100 iterations)... Done
Running benchmark (1000 iterations)... Done

Results:
  Mean:   179.99 ± 108.13 μs
  Median: 141.96 μs
  Min:    127.35 μs
  Max:    1369.84 μs

======================================================================
Benchmarking: Cython (pure computation)
======================================================================
Warming up (100 iterations)... Done
Running benchmark (1000 iterations)... Done

Results:
  Mean:   155.65 ± 96.33 μs
  Median: 128.18 μs
  Min:    115.38 μs
  Max:    1261.76 μs

--- Testing with 1000 atoms per electrode ---


======================================================================
Benchmarking: Original (pure computation)
======================================================================
Warming up (20 iterations)... Done
Running benchmark (200 iterations)... Done

Results:
  Mean:   1114.15 ± 338.18 μs
  Median: 1024.12 μs
  Min:    963.41 μs
  Max:    3705.49 μs

======================================================================
Benchmarking: Optimized (pure computation)
======================================================================
Warming up (20 iterations)... Done
Running benchmark (200 iterations)... Done

Results:
  Mean:   368.55 ± 340.88 μs
  Median: 282.11 μs
  Min:    236.07 μs
  Max:    3863.11 μs

======================================================================
Benchmarking: Cython (pure computation)
======================================================================
Warming up (20 iterations)... Done
Running benchmark (200 iterations)... Done

Results:
  Mean:   321.87 ± 205.23 μs
  Median: 245.12 μs
  Min:    222.39 μs
  Max:    1731.77 μs

--- Testing with 2000 atoms per electrode ---


======================================================================
Benchmarking: Original (pure computation)
======================================================================
Warming up (20 iterations)... Done
Running benchmark (200 iterations)... Done

Results:
  Mean:   2248.06 ± 344.63 μs
  Median: 2131.36 μs
  Min:    1938.66 μs
  Max:    4328.10 μs

======================================================================
Benchmarking: Optimized (pure computation)
======================================================================
Warming up (20 iterations)... Done
Running benchmark (200 iterations)... Done

Results:
  Mean:   660.51 ± 225.44 μs
  Median: 583.11 μs
  Min:    455.24 μs
  Max:    1713.88 μs

======================================================================
Benchmarking: Cython (pure computation)
======================================================================
Warming up (20 iterations)... Done
Running benchmark (200 iterations)... Done

Results:
  Mean:   600.57 ± 289.83 μs
  Median: 489.94 μs
  Min:    440.55 μs
  Max:    2598.03 μs

--- Testing with 5000 atoms per electrode ---


======================================================================
Benchmarking: Original (pure computation)
======================================================================
Warming up (10 iterations)... Done
Running benchmark (100 iterations)... Done

Results:
  Mean:   5890.21 ± 985.20 μs
  Median: 5476.07 μs
  Min:    5010.97 μs
  Max:    9481.92 μs

======================================================================
Benchmarking: Optimized (pure computation)
======================================================================
Warming up (10 iterations)... Done
Running benchmark (100 iterations)... Done

Results:
  Mean:   1715.13 ± 614.16 μs
  Median: 1515.16 μs
  Min:    1135.76 μs
  Max:    4662.67 μs

======================================================================
Benchmarking: Cython (pure computation)
======================================================================
Warming up (10 iterations)... Done
Running benchmark (100 iterations)... Done

Results:
  Mean:   1301.08 ± 212.44 μs
  Median: 1230.14 μs
  Min:    1091.58 μs
  Max:    2180.54 μs

======================================================================
SCALING SUMMARY
======================================================================

Size       Original        Optimized       Cython          Speedup (Opt)   Speedup (Cyt)  
------------------------------------------------------------------------------------------
100            120.32 μs        55.02 μs        35.35 μs         2.19x            3.40x
500            614.90 μs       179.99 μs       155.65 μs         3.42x            3.95x
1000          1114.15 μs       368.55 μs       321.87 μs         3.02x            3.46x
2000          2248.06 μs       660.51 μs       600.57 μs         3.40x            3.74x
5000          5890.21 μs      1715.13 μs      1301.08 μs         3.43x            4.53x

======================================================================
BENCHMARK COMPLETE
======================================================================
